Microchip MPLAB XC8 Compiler V2.40

Linker command line:

-W-3 --edf=D:\mx_lab\compiler\pic\dat\20220703182018_en.msgs -cn \
  -h+dist/default/production\RTC_I2C.X.production.sym \
  --cmf=dist/default/production\RTC_I2C.X.production.cmf -z -Q18F4520 \
  -oC:\Users\DELL\AppData\Local\Temp\xcAs99o.4 --defsym=__MPLAB_BUILD=1 \
  --fixupoverflow=error -Mdist/default/production/RTC_I2C.X.production.map \
  --md=C:\Users\DELL\AppData\Local\Temp\xcAs99o.dat -E1 -ver=XC8 Compiler \
  --acfsm=1493 -ACODE=04h-07000h -ACONST=04h-07000h \
  -ASMALLCONST=0600h-06FFhx106,07000h-07000h -AMEDIUMCONST=0600h-07000h \
  -ACOMRAM=01h-07Fh -AABS1=00h-05FFh -ABIGRAM=01h-05FFh \
  -ARAM=080h-0FFh,0100h-01FFhx5 -ABANK0=080h-0FFh -ABANK1=0100h-01FFh \
  -ABANK2=0200h-02FFh -ABANK3=0300h-03FFh -ABANK4=0400h-04FFh \
  -ABANK5=0500h-05FFh -ASFR=0F80h-0FFFh -ABIGSFR=0F80h-0FFFh \
  -ACONFIG=0300000h-030000Dh -AIDLOC=0200000h-0200007h \
  -AEEDATA=0F00000h-0F000FFh -peeprom_data=EEDATA \
  -preset_vec=00h,intcode,intcodelo,powerup,init -pramtop=0600h \
  -psmallconst=SMALLCONST -pmediumconst=MEDIUMCONST -pconst=CONST \
  -AFARRAM=00h-00h \
  -prdata=COMRAM,nvrram=COMRAM,nvbit=COMRAM,rbss=COMRAM,rbit=COMRAM \
  -pfarbss=FARRAM,fardata=FARRAM,nvFARRAM=FARRAM \
  -pintsave_regs=BIGRAM,bigbss=BIGRAM,bigdata=BIGRAM -pbss=RAM \
  -pidata=CODE,irdata=CODE,ibigdata=CODE,ifardata=CODE -prparam=COMRAM \
  C:\Users\DELL\AppData\Local\Temp\xcAs99o.o \
  dist/default/production\RTC_I2C.X.production.o 

Object code version is 3.11

Machine type is 18F4520



                Name                               Link     Load   Length Selector   Space Scale
C:\Users\DELL\AppData\Local\Temp\xcAs99o.o
                idloc                            200000   200000        8        0       5
                config                           300000   300000        E        0       4
                init                                  0        0        4        0       0
dist/default/production\RTC_I2C.X.production.o
                idloc                            200000   200000        8        0       5
                config                           300000   300000        E        0       4
                text15                             6E70     6E70      190     3738       0
                text14                             6968     6968       34     34B4       0
                text13                             6BEE     6BEE       92     35F7       0
                text12                             688C     688C       14     3446       0
                text11                             6880     6880        C     3440       0
                text10                             68A0     68A0       1E     3450       0
                text9                              6AF0     6AF0       70     3578       0
                text8                              68BE     68BE       1E     345F       0
                text7                              69D6     69D6       4E     34EB       0
                text6                              6A24     6A24       66     3512       0
                text5                              6B60     6B60       8E     35B0       0
                text4                              699C     699C       3A     34CE       0
                text3                              6904     6904       32     3482       0
                text2                              6D50     6D50      120     36A8       0
                text1                              6A8A     6A8A       66     3545       0
                text0                              6C80     6C80       D0     3640       0
                cstackCOMRAM                         28       28        D        1       1
                dataCOMRAM                            1        1       27        1       1
                bssCOMRAM                            35       35        9        1       1
                cinit                              6936     6936       32     349B       0
                idataCOMRAM                        68DD     68DD       27     68DD       0

TOTAL           Name                               Link     Load   Length     Space
        CLASS   CODE           
                init                                  0        0        4         0
                text15                             6E70     6E70      190         0
                text14                             6968     6968       34         0
                text13                             6BEE     6BEE       92         0
                text12                             688C     688C       14         0
                text11                             6880     6880        C         0
                text10                             68A0     68A0       1E         0
                text9                              6AF0     6AF0       70         0
                text8                              68BE     68BE       1E         0
                text7                              69D6     69D6       4E         0
                text6                              6A24     6A24       66         0
                text5                              6B60     6B60       8E         0
                text4                              699C     699C       3A         0
                text3                              6904     6904       32         0
                text2                              6D50     6D50      120         0
                text1                              6A8A     6A8A       66         0
                text0                              6C80     6C80       D0         0
                cinit                              6936     6936       32         0
                idataCOMRAM                        68DD     68DD       27         0

        CLASS   CONST          

        CLASS   SMALLCONST     

        CLASS   MEDIUMCONST    

        CLASS   COMRAM         
                cstackCOMRAM                         28       28        D         1
                dataCOMRAM                            1        1       27         1
                bssCOMRAM                            35       35        9         1

        CLASS   ABS1           

        CLASS   BIGRAM         

        CLASS   RAM            

        CLASS   BANK0          

        CLASS   BANK1          

        CLASS   BANK2          

        CLASS   BANK3          

        CLASS   BANK4          

        CLASS   BANK5          

        CLASS   SFR            

        CLASS   BIGSFR         

        CLASS   CONFIG         
                config                           300000   300000        E         4

        CLASS   IDLOC          
                idloc                            200000   200000        8         5

        CLASS   EEDATA         

        CLASS   FARRAM         

        CLASS   HEAP           

        CLASS   STACK          



SEGMENTS        Name                           Load    Length   Top    Selector   Space  Class

                reset_vec                      000000  000004  000004         0       0  CODE    
                dataCOMRAM                     000001  00003D  00003E         1       1  COMRAM  
                text11                         006880  00000C  00688C      3440       0  CODE    
                text12                         00688C  000014  0068A0      3446       0  CODE    
                text10                         0068A0  00001E  0068BE      3450       0  CODE    
                text8                          0068BE  00001E  0068DC      345F       0  CODE    
                idataCOMRAM                    0068DD  000027  006904      68DD       0  CODE    
                text3                          006904  000032  006936      3482       0  CODE    
                cinit                          006936  000032  006968      349B       0  CODE    
                text14                         006968  000034  00699C      34B4       0  CODE    
                text4                          00699C  00003A  0069D6      34CE       0  CODE    
                text7                          0069D6  00004E  006A24      34EB       0  CODE    
                text6                          006A24  000066  006A8A      3512       0  CODE    
                text1                          006A8A  000066  006AF0      3545       0  CODE    
                text9                          006AF0  000070  006B60      3578       0  CODE    
                text5                          006B60  00008E  006BEE      35B0       0  CODE    
                text13                         006BEE  000092  006C80      35F7       0  CODE    
                text0                          006C80  0000D0  006D50      3640       0  CODE    
                text2                          006D50  000120  006E70      36A8       0  CODE    
                text15                         006E70  000190  007000      3738       0  CODE    


UNUSED ADDRESS RANGES

        Name                Unused          Largest block    Delta
        BANK0            000080-0000FF               80
        BANK1            000100-0001FF              100
        BANK2            000200-0002FF              100
        BANK3            000300-0003FF              100
        BANK4            000400-0004FF              100
        BANK5            000500-0005FF              100
        BIGRAM           00003E-0005FF              5C2
        BIGSFR           000F80-000FFF               80
        CODE             000004-00687F             687C
                         0068DC-0068DC                1
                         007000-007000                1
        COMRAM           00003E-00007F               42
        CONST            000004-00687F             687C
                         0068DC-0068DC                1
                         007000-007000                1
        EEDATA           F00000-F000FF              100
        MEDIUMCONST      000600-00687F             6280
                         0068DC-0068DC                1
                         007000-007000                1
        RAM              000080-0005FF              100
        SFR              000F80-000FFF               80
        SMALLCONST       000600-00687F              100
                         0068DC-0068DC                1
                         007000-007000                1

                                  Symbol Table

BCD_to_ASCII_Display@Digit    cstackCOMRAM 00002A
BCD_to_ASCII_Display@temp     cstackCOMRAM 00002B
Get_Key@Key                   cstackCOMRAM 00002B
Get_Key@but1                  cstackCOMRAM 00002C
I2C_Byte_Read@DevAddr         cstackCOMRAM 00002A
I2C_Byte_Read@RegAddr         cstackCOMRAM 000028
I2C_Byte_Read@data            cstackCOMRAM 000029
I2C_Byte_Write@DevAddr        cstackCOMRAM 00002A
I2C_Byte_Write@RegAddr        cstackCOMRAM 000028
I2C_Byte_Write@data           cstackCOMRAM 000029
I2C_Page_Read@DevAddr         cstackCOMRAM 000031
I2C_Page_Read@RegAddr         cstackCOMRAM 000028
I2C_Page_Read@data            cstackCOMRAM 000029
I2C_Page_Read@i               cstackCOMRAM 000032
I2C_Page_Read@no_bytes        cstackCOMRAM 00002B
I2C_Page_Write@DevAddr        cstackCOMRAM 00002C
I2C_Page_Write@RegAddr        cstackCOMRAM 000028
I2C_Page_Write@data           cstackCOMRAM 000029
I2C_Page_Write@i              cstackCOMRAM 00002D
I2C_Page_Write@no_bytes       cstackCOMRAM 00002B
Keypad_Scan@button            cstackCOMRAM 000028
LCD_Command@cmd               cstackCOMRAM 000029
LCD_Data@data                 cstackCOMRAM 000029
LCD_ROM_String@i              cstackCOMRAM 00002D
LCD_ROM_String@str            cstackCOMRAM 00002A
_ADCON1                       (abs)        000FC1
_BCD_to_ASCII_Display         text3        006904
_Get_Key                      text14       006968
_I2C_Byte_Read                text13       006BEE
_I2C_Byte_Write               text6        006A24
_I2C_Init                     text12       00688C
_I2C_Page_Read                text2        006D50
_I2C_Page_Write               text5        006B60
_INTCON2bits                  (abs)        000FF1
_KeyVal                       dataCOMRAM   000001
_Keypad_Init                  text11       006880
_Keypad_Scan                  text15       006E70
_LATB                         (abs)        000F8A
_LATCbits                     (abs)        000F8B
_LATD                         (abs)        000F8C
_LCD_Command                  text10       0068A0
_LCD_Data                     text8        0068BE
_LCD_Init                     text9        006AF0
_LCD_ROM_String               text7        0069D6
_PIR1bits                     (abs)        000F9E
_PORTB                        (abs)        000F81
_RTCTime                      bssCOMRAM    000037
_RTC_flag                     bssCOMRAM    000036
_RTC_init                     text4        00699C
_RTC_read                     text1        006A8A
_RTC_start                    bssCOMRAM    000035
_SSPADD                       (abs)        000FC8
_SSPBUF                       (abs)        000FC9
_SSPCON1bits                  (abs)        000FC6
_SSPCON2bits                  (abs)        000FC5
_TRISB                        (abs)        000F93
_TRISCbits                    (abs)        000F94
_TRISD                        (abs)        000F95
__HRAM                        (abs)        000000
__Habs1                       abs1         000000
__Hbank0                      bank0        000000
__Hbank1                      bank1        000000
__Hbank2                      bank2        000000
__Hbank3                      bank3        000000
__Hbank4                      bank4        000000
__Hbank5                      bank5        000000
__Hbigbss                     bigbss       000000
__Hbigdata                    bigdata      000000
__Hbigram                     bigram       000000
__Hbigsfr                     bigsfr       000000
__Hbss                        bss          000000
__HbssCOMRAM                  bssCOMRAM    000000
__Hcinit                      cinit        000000
__Hclrtext                    clrtext      000000
__Hcomram                     comram       000000
__Hconfig                     config       30000E
__Hconst                      const        000000
__HcstackCOMRAM               cstackCOMRAM 000000
__Hdata                       data         000000
__HdataCOMRAM                 dataCOMRAM   000000
__Heeprom_data                eeprom_data  000000
__Hfarbss                     farbss       000000
__Hfardata                    fardata      000000
__Hheap                       heap         000000
__Hibigdata                   ibigdata     000000
__Hidata                      idata        000000
__HidataCOMRAM                idataCOMRAM  000000
__Hidloc                      idloc        200008
__Hifardata                   ifardata     000000
__Hinit                       init         000004
__Hintcode                    intcode      000000
__Hintcode_body               intcode_body 000000
__Hintcodelo                  intcodelo    000000
__Hintentry                   intentry     000000
__Hintret                     intret       000000
__Hintsave_regs               intsave_regs 000000
__Hirdata                     irdata       000000
__Hmediumconst                mediumconst  000000
__HnvFARRAM                   nvFARRAM     000000
__Hnvbit                      nvbit        000000
__Hnvrram                     nvrram       000000
__Hparam                      rparam       000000
__Hpowerup                    powerup      000000
__Hram                        ram          000000
__Hramtop                     ramtop       000600
__Hrbit                       rbit         000000
__Hrbss                       rbss         000000
__Hrdata                      rdata        000000
__Hreset_vec                  reset_vec    000000
__Hrparam                     rparam       000000
__Hsfr                        sfr          000000
__Hsmallconst                 smallconst   000000
__Hspace_0                    (abs)        007000
__Hspace_1                    (abs)        00003E
__Hspace_2                    (abs)        000000
__Hspace_4                    (abs)        60000E
__Hstack                      stack        000000
__Hstruct                     struct       000000
__Htemp                       temp         000000
__Htext                       text         000000
__Htext0                      text0        000000
__Htext1                      text1        000000
__Htext10                     text10       000000
__Htext11                     text11       000000
__Htext12                     text12       000000
__Htext13                     text13       000000
__Htext14                     text14       000000
__Htext15                     text15       000000
__Htext2                      text2        000000
__Htext3                      text3        000000
__Htext4                      text4        000000
__Htext5                      text5        000000
__Htext6                      text6        000000
__Htext7                      text7        000000
__Htext8                      text8        000000
__Htext9                      text9        000000
__LRAM                        (abs)        000001
__Labs1                       abs1         000000
__Lbank0                      bank0        000000
__Lbank1                      bank1        000000
__Lbank2                      bank2        000000
__Lbank3                      bank3        000000
__Lbank4                      bank4        000000
__Lbank5                      bank5        000000
__Lbigbss                     bigbss       000000
__Lbigdata                    bigdata      000000
__Lbigram                     bigram       000000
__Lbigsfr                     bigsfr       000000
__Lbss                        bss          000000
__LbssCOMRAM                  bssCOMRAM    000000
__Lcinit                      cinit        000000
__Lclrtext                    clrtext      000000
__Lcomram                     comram       000000
__Lconfig                     config       000000
__Lconst                      const        000000
__LcstackCOMRAM               cstackCOMRAM 000000
__Ldata                       data         000000
__LdataCOMRAM                 dataCOMRAM   000000
__Leeprom_data                eeprom_data  000000
__Lfarbss                     farbss       000000
__Lfardata                    fardata      000000
__Lheap                       heap         000000
__Libigdata                   ibigdata     000000
__Lidata                      idata        000000
__LidataCOMRAM                idataCOMRAM  000000
__Lidloc                      idloc        000000
__Lifardata                   ifardata     000000
__Linit                       init         000000
__Lintcode                    intcode      000000
__Lintcode_body               intcode_body 000000
__Lintcodelo                  intcodelo    000000
__Lintentry                   intentry     000000
__Lintret                     intret       000000
__Lintsave_regs               intsave_regs 000000
__Lirdata                     irdata       000000
__Lmediumconst                mediumconst  000000
__LnvFARRAM                   nvFARRAM     000000
__Lnvbit                      nvbit        000000
__Lnvrram                     nvrram       000000
__Lparam                      rparam       000000
__Lpowerup                    powerup      000000
__Lram                        ram          000000
__Lramtop                     ramtop       000600
__Lrbit                       rbit         000000
__Lrbss                       rbss         000000
__Lrdata                      rdata        000000
__Lreset_vec                  reset_vec    000000
__Lrparam                     rparam       000000
__Lsfr                        sfr          000000
__Lsmallconst                 smallconst   000000
__Lspace_0                    (abs)        000000
__Lspace_1                    (abs)        000000
__Lspace_2                    (abs)        000000
__Lspace_4                    (abs)        000000
__Lstack                      stack        000000
__Lstruct                     struct       000000
__Ltemp                       temp         000000
__Ltext                       text         000000
__Ltext0                      text0        000000
__Ltext1                      text1        000000
__Ltext10                     text10       000000
__Ltext11                     text11       000000
__Ltext12                     text12       000000
__Ltext13                     text13       000000
__Ltext14                     text14       000000
__Ltext15                     text15       000000
__Ltext2                      text2        000000
__Ltext3                      text3        000000
__Ltext4                      text4        000000
__Ltext5                      text5        000000
__Ltext6                      text6        000000
__Ltext7                      text7        000000
__Ltext8                      text8        000000
__Ltext9                      text9        000000
__S0                          (abs)        007000
__S1                          (abs)        00003E
__S4                          (abs)        000000
__S5                          (abs)        000000
___heap_hi                    (abs)        000000
___heap_lo                    (abs)        000000
___inthi_sp                   stack        000000
___intlo_sp                   stack        000000
___param_bank                 (abs)        000000
___rparam_used                (abs)        000001
___sp                         stack        000000
__accesstop                   (abs)        000080
__activetblptr                (abs)        000000
__end_of_BCD_to_ASCII_Display text3        006936
__end_of_Get_Key              text14       00699C
__end_of_I2C_Byte_Read        text13       006C80
__end_of_I2C_Byte_Write       text6        006A8A
__end_of_I2C_Init             text12       0068A0
__end_of_I2C_Page_Read        text2        006E70
__end_of_I2C_Page_Write       text5        006BEE
__end_of_Keypad_Init          text11       00688C
__end_of_Keypad_Scan          text15       007000
__end_of_LCD_Command          text10       0068BE
__end_of_LCD_Data             text8        0068DC
__end_of_LCD_Init             text9        006B60
__end_of_LCD_ROM_String       text7        006A24
__end_of_RTC_init             text4        0069D6
__end_of_RTC_read             text1        006AF0
__end_of__initialization      cinit        006962
__end_of_main                 text0        006D50
__initialization              cinit        006936
__mediumconst                 mediumconst  000000
__pbssCOMRAM                  bssCOMRAM    000035
__pcinit                      cinit        006936
__pcstackCOMRAM               cstackCOMRAM 000028
__pdataCOMRAM                 dataCOMRAM   000001
__pidataCOMRAM                idataCOMRAM  0068DD
__ptext0                      text0        006C80
__ptext1                      text1        006A8A
__ptext10                     text10       0068A0
__ptext11                     text11       006880
__ptext12                     text12       00688C
__ptext13                     text13       006BEE
__ptext14                     text14       006968
__ptext15                     text15       006E70
__ptext2                      text2        006D50
__ptext3                      text3        006904
__ptext4                      text4        00699C
__ptext5                      text5        006B60
__ptext6                      text6        006A24
__ptext7                      text7        0069D6
__ptext8                      text8        0068BE
__ptext9                      text9        006AF0
__ramtop                      ramtop       000600
__smallconst                  smallconst   000000
_date                         dataCOMRAM   000022
_main                         text0        006C80
_month                        dataCOMRAM   00000E
_time                         dataCOMRAM   00001C
_userTime                     dataCOMRAM   000015
end_of_initialization         cinit        006962
intlevel0                     text         000000
intlevel1                     text         000000
intlevel2                     text         000000
intlevel3                     text         000000
isa$std                       (abs)        000001
isa$xinst                     (abs)        000000
main@Key                      cstackCOMRAM 000033
main@i                        cstackCOMRAM 000034
stackhi                       (abs)        000000
stacklo                       (abs)        000000
start                         init         000000
start_initialization          cinit        006936


MODULE INFORMATION

Module		Function		Class		Link	Load	Size
C:/Users/DELL/Downloads/PIC18F_Library/I2C.c
		_I2C_Byte_Write		CODE           	6A24	0000	102
		_I2C_Page_Read 		CODE           	6D50	0000	288
		_I2C_Page_Write		CODE           	6B60	0000	142
		_I2C_Init      		CODE           	688C	0000	20
		_I2C_Byte_Read 		CODE           	6BEE	0000	146

C:/Users/DELL/Downloads/PIC18F_Library/I2C.c estimated size: 698

shared
		__initialization		CODE           	6936	0000	44

shared estimated size: 44

../PIC18F_Library/Keypad.c
		_Get_Key       		CODE           	6968	0000	52
		_Keypad_Scan   		CODE           	6E70	0000	400
		_Keypad_Init   		CODE           	6880	0000	12

../PIC18F_Library/Keypad.c estimated size: 464

C:/Users/DELL/Downloads/PIC18F_Library/LCD.c
		_LCD_Init      		CODE           	6AF0	0000	112
		_LCD_Command   		CODE           	68A0	0000	30
		_LCD_Data      		CODE           	68BE	0000	30
		_LCD_ROM_String		CODE           	69D6	0000	78

C:/Users/DELL/Downloads/PIC18F_Library/LCD.c estimated size: 250

RTC_main.c
		_BCD_to_ASCII_Display		CODE           	6904	0000	50
		_main          		CODE           	6C80	0000	208
		_RTC_read      		CODE           	6A8A	0000	102
		_RTC_init      		CODE           	699C	0000	58

RTC_main.c estimated size: 418

