Microchip MPLAB XC8 Compiler V2.40

Linker command line:

-W-3 --edf=D:\mx_lab\compiler\pic\dat\20220703182018_en.msgs -cn \
  -h+dist/default/production\UART_serial_commn.X.production.sym \
  --cmf=dist/default/production\UART_serial_commn.X.production.cmf -z \
  -Q18F4520 -oC:\Users\DELL\AppData\Local\Temp\xcAs7p0.4 \
  --defsym=__MPLAB_BUILD=1 --fixupoverflow=error \
  -Mdist/default/production/UART_serial_commn.X.production.map \
  --md=C:\Users\DELL\AppData\Local\Temp\xcAs7p0.dat -E1 -ver=XC8 Compiler \
  --acfsm=1493 -ACODE=04h-07000h -ACONST=04h-07000h \
  -ASMALLCONST=0600h-06FFhx106,07000h-07000h -AMEDIUMCONST=0600h-07000h \
  -ACOMRAM=01h-07Fh -AABS1=00h-05FFh -ABIGRAM=01h-05FFh \
  -ARAM=080h-0FFh,0100h-01FFhx5 -ABANK0=080h-0FFh -ABANK1=0100h-01FFh \
  -ABANK2=0200h-02FFh -ABANK3=0300h-03FFh -ABANK4=0400h-04FFh \
  -ABANK5=0500h-05FFh -ASFR=0F80h-0FFFh -ABIGSFR=0F80h-0FFFh \
  -ACONFIG=0300000h-030000Dh -AIDLOC=0200000h-0200007h \
  -AEEDATA=0F00000h-0F000FFh -peeprom_data=EEDATA \
  -preset_vec=00h,intcode,intcodelo,powerup,init -pramtop=0600h \
  -psmallconst=SMALLCONST -pmediumconst=MEDIUMCONST -pconst=CONST \
  -AFARRAM=00h-00h \
  -prdata=COMRAM,nvrram=COMRAM,nvbit=COMRAM,rbss=COMRAM,rbit=COMRAM \
  -pfarbss=FARRAM,fardata=FARRAM,nvFARRAM=FARRAM \
  -pintsave_regs=BIGRAM,bigbss=BIGRAM,bigdata=BIGRAM -pbss=RAM \
  -pidata=CODE,irdata=CODE,ibigdata=CODE,ifardata=CODE -prparam=COMRAM \
  C:\Users\DELL\AppData\Local\Temp\xcAs7p0.o \
  dist/default/production\UART_serial_commn.X.production.o 

Object code version is 3.11

Machine type is 18F4520



                Name                               Link     Load   Length Selector   Space Scale
C:\Users\DELL\AppData\Local\Temp\xcAs7p0.o
                idloc                            200000   200000        8        0       5
                config                           300000   300000        E        0       4
                init                                  0        0        4        0       0
dist/default/production\UART_serial_commn.X.production.o
                idloc                            200000   200000        8        0       5
                config                           300000   300000        E        0       4
                text4                              6EE4     6EE4       14     3772       0
                text3                              6EF8     6EF8       16     377C       0
                text2                              6F76     6F76       30     37BB       0
                text1                              6F0E     6F0E       20     3787       0
                text0                              6FA6     6FA6       5A     37D3       0
                cstackCOMRAM                          1        1       26        1       1
                dataCOMRAM                           27       27       22        1       1
                cinit                              6F50     6F50       26     37A8       0
                idataCOMRAM                        6F2E     6F2E       22     6F2E       0

TOTAL           Name                               Link     Load   Length     Space
        CLASS   CODE           
                init                                  0        0        4         0
                text4                              6EE4     6EE4       14         0
                text3                              6EF8     6EF8       16         0
                text2                              6F76     6F76       30         0
                text1                              6F0E     6F0E       20         0
                text0                              6FA6     6FA6       5A         0
                cinit                              6F50     6F50       26         0
                idataCOMRAM                        6F2E     6F2E       22         0

        CLASS   CONST          

        CLASS   SMALLCONST     

        CLASS   MEDIUMCONST    

        CLASS   COMRAM         
                cstackCOMRAM                          1        1       26         1
                dataCOMRAM                           27       27       22         1

        CLASS   ABS1           

        CLASS   BIGRAM         

        CLASS   RAM            

        CLASS   BANK0          

        CLASS   BANK1          

        CLASS   BANK2          

        CLASS   BANK3          

        CLASS   BANK4          

        CLASS   BANK5          

        CLASS   SFR            

        CLASS   BIGSFR         

        CLASS   CONFIG         
                config                           300000   300000        E         4

        CLASS   IDLOC          
                idloc                            200000   200000        8         5

        CLASS   EEDATA         

        CLASS   FARRAM         

        CLASS   HEAP           

        CLASS   STACK          



SEGMENTS        Name                           Load    Length   Top    Selector   Space  Class

                reset_vec                      000000  000004  000004         0       0  CODE    
                cstackCOMRAM                   000001  000048  000049         1       1  COMRAM  
                text4                          006EE4  000014  006EF8      3772       0  CODE    
                text3                          006EF8  000016  006F0E      377C       0  CODE    
                text1                          006F0E  000020  006F2E      3787       0  CODE    
                idataCOMRAM                    006F2E  000022  006F50      6F2E       0  CODE    
                cinit                          006F50  000026  006F76      37A8       0  CODE    
                text2                          006F76  000030  006FA6      37BB       0  CODE    
                text0                          006FA6  00005A  007000      37D3       0  CODE    


UNUSED ADDRESS RANGES

        Name                Unused          Largest block    Delta
        BANK0            000080-0000FF               80
        BANK1            000100-0001FF              100
        BANK2            000200-0002FF              100
        BANK3            000300-0003FF              100
        BANK4            000400-0004FF              100
        BANK5            000500-0005FF              100
        BIGRAM           000049-0005FF              5B7
        BIGSFR           000F80-000FFF               80
        CODE             000004-006EE3             6EE0
                         007000-007000                1
        COMRAM           000049-00007F               37
        CONST            000004-006EE3             6EE0
                         007000-007000                1
        EEDATA           F00000-F000FF              100
        MEDIUMCONST      000600-006EE3             68E4
                         007000-007000                1
        RAM              000080-0005FF              100
        SFR              000F80-000FFF               80
        SMALLCONST       000600-006EE3              100
                         007000-007000                1

                                  Symbol Table

_BAUDCON                 (abs)        000FB8
_PIR1bits                (abs)        000F9E
_RCREG                   (abs)        000FAE
_RCSTAbits               (abs)        000FAB
_SPBRG                   (abs)        000FAF
_SPBRGH                  (abs)        000FB0
_TRISCbits               (abs)        000F94
_TXREG                   (abs)        000FAD
_TXSTAbits               (abs)        000FAC
__HRAM                   (abs)        000000
__Habs1                  abs1         000000
__Hbank0                 bank0        000000
__Hbank1                 bank1        000000
__Hbank2                 bank2        000000
__Hbank3                 bank3        000000
__Hbank4                 bank4        000000
__Hbank5                 bank5        000000
__Hbigbss                bigbss       000000
__Hbigdata               bigdata      000000
__Hbigram                bigram       000000
__Hbigsfr                bigsfr       000000
__Hbss                   bss          000000
__Hcinit                 cinit        000000
__Hclrtext               clrtext      000000
__Hcomram                comram       000000
__Hconfig                config       30000E
__Hconst                 const        000000
__HcstackCOMRAM          cstackCOMRAM 000000
__Hdata                  data         000000
__HdataCOMRAM            dataCOMRAM   000000
__Heeprom_data           eeprom_data  000000
__Hfarbss                farbss       000000
__Hfardata               fardata      000000
__Hheap                  heap         000000
__Hibigdata              ibigdata     000000
__Hidata                 idata        000000
__HidataCOMRAM           idataCOMRAM  000000
__Hidloc                 idloc        200008
__Hifardata              ifardata     000000
__Hinit                  init         000004
__Hintcode               intcode      000000
__Hintcode_body          intcode_body 000000
__Hintcodelo             intcodelo    000000
__Hintentry              intentry     000000
__Hintret                intret       000000
__Hintsave_regs          intsave_regs 000000
__Hirdata                irdata       000000
__Hmediumconst           mediumconst  000000
__HnvFARRAM              nvFARRAM     000000
__Hnvbit                 nvbit        000000
__Hnvrram                nvrram       000000
__Hparam                 rparam       000000
__Hpowerup               powerup      000000
__Hram                   ram          000000
__Hramtop                ramtop       000600
__Hrbit                  rbit         000000
__Hrbss                  rbss         000000
__Hrdata                 rdata        000000
__Hreset_vec             reset_vec    000000
__Hrparam                rparam       000000
__Hsfr                   sfr          000000
__Hsmallconst            smallconst   000000
__Hspace_0               (abs)        007000
__Hspace_1               (abs)        000049
__Hspace_2               (abs)        000000
__Hspace_4               (abs)        60000E
__Hstack                 stack        000000
__Hstruct                struct       000000
__Htemp                  temp         000000
__Htext                  text         000000
__Htext0                 text0        000000
__Htext1                 text1        000000
__Htext2                 text2        000000
__Htext3                 text3        000000
__Htext4                 text4        000000
__LRAM                   (abs)        000001
__Labs1                  abs1         000000
__Lbank0                 bank0        000000
__Lbank1                 bank1        000000
__Lbank2                 bank2        000000
__Lbank3                 bank3        000000
__Lbank4                 bank4        000000
__Lbank5                 bank5        000000
__Lbigbss                bigbss       000000
__Lbigdata               bigdata      000000
__Lbigram                bigram       000000
__Lbigsfr                bigsfr       000000
__Lbss                   bss          000000
__Lcinit                 cinit        000000
__Lclrtext               clrtext      000000
__Lcomram                comram       000000
__Lconfig                config       000000
__Lconst                 const        000000
__LcstackCOMRAM          cstackCOMRAM 000000
__Ldata                  data         000000
__LdataCOMRAM            dataCOMRAM   000000
__Leeprom_data           eeprom_data  000000
__Lfarbss                farbss       000000
__Lfardata               fardata      000000
__Lheap                  heap         000000
__Libigdata              ibigdata     000000
__Lidata                 idata        000000
__LidataCOMRAM           idataCOMRAM  000000
__Lidloc                 idloc        000000
__Lifardata              ifardata     000000
__Linit                  init         000000
__Lintcode               intcode      000000
__Lintcode_body          intcode_body 000000
__Lintcodelo             intcodelo    000000
__Lintentry              intentry     000000
__Lintret                intret       000000
__Lintsave_regs          intsave_regs 000000
__Lirdata                irdata       000000
__Lmediumconst           mediumconst  000000
__LnvFARRAM              nvFARRAM     000000
__Lnvbit                 nvbit        000000
__Lnvrram                nvrram       000000
__Lparam                 rparam       000000
__Lpowerup               powerup      000000
__Lram                   ram          000000
__Lramtop                ramtop       000600
__Lrbit                  rbit         000000
__Lrbss                  rbss         000000
__Lrdata                 rdata        000000
__Lreset_vec             reset_vec    000000
__Lrparam                rparam       000000
__Lsfr                   sfr          000000
__Lsmallconst            smallconst   000000
__Lspace_0               (abs)        000000
__Lspace_1               (abs)        000000
__Lspace_2               (abs)        000000
__Lspace_4               (abs)        000000
__Lstack                 stack        000000
__Lstruct                struct       000000
__Ltemp                  temp         000000
__Ltext                  text         000000
__Ltext0                 text0        000000
__Ltext1                 text1        000000
__Ltext2                 text2        000000
__Ltext3                 text3        000000
__Ltext4                 text4        000000
__S0                     (abs)        007000
__S1                     (abs)        000049
__S4                     (abs)        000000
__S5                     (abs)        000000
___heap_hi               (abs)        000000
___heap_lo               (abs)        000000
___inthi_sp              stack        000000
___intlo_sp              stack        000000
___param_bank            (abs)        000000
___rparam_used           (abs)        000001
___sp                    stack        000000
__accesstop              (abs)        000080
__activetblptr           (abs)        000000
__end_of__initialization cinit        006F70
__end_of_main            text0        007000
__end_of_rx_data         text4        006EF8
__end_of_tx_data         text3        006F0E
__end_of_tx_string       text2        006FA6
__end_of_uart_init       text1        006F2E
__initialization         cinit        006F50
__mediumconst            mediumconst  000000
__pcinit                 cinit        006F50
__pcstackCOMRAM          cstackCOMRAM 000001
__pdataCOMRAM            dataCOMRAM   000027
__pidataCOMRAM           idataCOMRAM  006F2E
__ptext0                 text0        006FA6
__ptext1                 text1        006F0E
__ptext2                 text2        006F76
__ptext3                 text3        006EF8
__ptext4                 text4        006EE4
__ramtop                 ramtop       000600
__smallconst             smallconst   000000
_main                    text0        006FA6
_rx_data                 text4        006EE4
_tx_data                 text3        006EF8
_tx_string               text2        006F76
_uart_init               text1        006F0E
end_of_initialization    cinit        006F70
intlevel0                text         000000
intlevel1                text         000000
intlevel2                text         000000
intlevel3                text         000000
isa$std                  (abs)        000001
isa$xinst                (abs)        000000
main@F2576               dataCOMRAM   000038
main@F2578               dataCOMRAM   000027
main@msg1                cstackCOMRAM 000004
main@msg2                cstackCOMRAM 000015
main@received_data       cstackCOMRAM 000026
stackhi                  (abs)        000000
stacklo                  (abs)        000000
start                    init         000000
start_initialization     cinit        006F50
tx_data@data             cstackCOMRAM 000001
tx_string@ptr            cstackCOMRAM 000002


MODULE INFORMATION

Module		Function		Class		Link	Load	Size
uart_serial_commn.c
		_tx_string     		CODE           	6F76	0000	48
		_main          		CODE           	6FA6	0000	90
		_uart_init     		CODE           	6F0E	0000	32
		_rx_data       		CODE           	6EE4	0000	20
		_tx_data       		CODE           	6EF8	0000	22

uart_serial_commn.c estimated size: 212

shared
		__initialization		CODE           	6F50	0000	32

shared estimated size: 32

