Microchip MPLAB XC8 Compiler V2.40

Linker command line:

-W-3 --edf=D:\mx_lab\compiler\pic\dat\20220703182018_en.msgs -cn \
  -h+dist/default/production\Keypad.X.production.sym \
  --cmf=dist/default/production\Keypad.X.production.cmf -z -Q18F4520 \
  -oC:\Users\DELL\AppData\Local\Temp\xcAsdo8.4 --defsym=__MPLAB_BUILD=1 \
  --fixupoverflow=error -Mdist/default/production/Keypad.X.production.map \
  --md=C:\Users\DELL\AppData\Local\Temp\xcAsdo8.dat -E1 -ver=XC8 Compiler \
  --acfsm=1493 -ACODE=04h-07000h -ACONST=04h-07000h \
  -ASMALLCONST=0600h-06FFhx106,07000h-07000h -AMEDIUMCONST=0600h-07000h \
  -ACOMRAM=01h-07Fh -AABS1=00h-05FFh -ABIGRAM=01h-05FFh \
  -ARAM=080h-0FFh,0100h-01FFhx5 -ABANK0=080h-0FFh -ABANK1=0100h-01FFh \
  -ABANK2=0200h-02FFh -ABANK3=0300h-03FFh -ABANK4=0400h-04FFh \
  -ABANK5=0500h-05FFh -ASFR=0F80h-0FFFh -ABIGSFR=0F80h-0FFFh \
  -ACONFIG=0300000h-030000Dh -AIDLOC=0200000h-0200007h \
  -AEEDATA=0F00000h-0F000FFh -peeprom_data=EEDATA \
  -preset_vec=00h,intcode,intcodelo,powerup,init -pramtop=0600h \
  -psmallconst=SMALLCONST -pmediumconst=MEDIUMCONST -pconst=CONST \
  -AFARRAM=00h-00h \
  -prdata=COMRAM,nvrram=COMRAM,nvbit=COMRAM,rbss=COMRAM,rbit=COMRAM \
  -pfarbss=FARRAM,fardata=FARRAM,nvFARRAM=FARRAM \
  -pintsave_regs=BIGRAM,bigbss=BIGRAM,bigdata=BIGRAM -pbss=RAM \
  -pidata=CODE,irdata=CODE,ibigdata=CODE,ifardata=CODE -prparam=COMRAM \
  C:\Users\DELL\AppData\Local\Temp\xcAsdo8.o \
  dist/default/production\Keypad.X.production.o 

Object code version is 3.11

Machine type is 18F4520



                Name                               Link     Load   Length Selector   Space Scale
C:\Users\DELL\AppData\Local\Temp\xcAsdo8.o
                idloc                            200000   200000        8        0       5
                config                           300000   300000        E        0       4
                init                                  0        0        4        0       0
dist/default/production\Keypad.X.production.o
                idloc                            200000   200000        8        0       5
                config                           300000   300000        E        0       4
                smallconst                          600      600       20      300       0
                text7                               620      620      190      310       0
                text6                               8D6      8D6       34      310       0
                text5                               982      982        C      4C1       0
                text4                               956      956       1E      310       0
                text3                               7B0      7B0       70      310       0
                text2                               938      938       1E      310       0
                text1                               820      820       64      310       0
                text0                               884      884       52      310       0
                cstackCOMRAM                          E        E        9        1       1
                dataCOMRAM                            1        1        D        1       1
                cinit                               90A      90A       2E      310       0
                idataCOMRAM                         974      974        D      310       0

TOTAL           Name                               Link     Load   Length     Space
        CLASS   CODE           
                init                                  0        0        4         0
                text7                               620      620      190         0
                text6                               8D6      8D6       34         0
                text5                               982      982        C         0
                text4                               956      956       1E         0
                text3                               7B0      7B0       70         0
                text2                               938      938       1E         0
                text1                               820      820       64         0
                text0                               884      884       52         0
                cinit                               90A      90A       2E         0
                idataCOMRAM                         974      974        D         0

        CLASS   CONST          

        CLASS   SMALLCONST     
                smallconst                          600      600       20         0

        CLASS   MEDIUMCONST    

        CLASS   COMRAM         
                cstackCOMRAM                          E        E        9         1
                dataCOMRAM                            1        1        D         1

        CLASS   ABS1           

        CLASS   BIGRAM         

        CLASS   RAM            

        CLASS   BANK0          

        CLASS   BANK1          

        CLASS   BANK2          

        CLASS   BANK3          

        CLASS   BANK4          

        CLASS   BANK5          

        CLASS   SFR            

        CLASS   BIGSFR         

        CLASS   CONFIG         
                config                           300000   300000        E         4

        CLASS   IDLOC          
                idloc                            200000   200000        8         5

        CLASS   EEDATA         

        CLASS   FARRAM         

        CLASS   HEAP           

        CLASS   STACK          



SEGMENTS        Name                           Load    Length   Top    Selector   Space  Class

                reset_vec                      000000  000004  000004         0       0  CODE    
                dataCOMRAM                     000001  000016  000017         1       1  COMRAM  
                smallconst                     000600  000020  000620       300       0  SMALLCON
                text7                          000620  000361  000981       310       0  CODE    
                text5                          000982  00000C  00098E       4C1       0  CODE    


UNUSED ADDRESS RANGES

        Name                Unused          Largest block    Delta
        BANK0            000080-0000FF               80
        BANK1            000100-0001FF              100
        BANK2            000200-0002FF              100
        BANK3            000300-0003FF              100
        BANK4            000400-0004FF              100
        BANK5            000500-0005FF              100
        BIGRAM           000017-0005FF              5E9
        BIGSFR           000F80-000FFF               80
        CODE             000004-0005FF              5FC
                         000981-000981                1
                         00098E-007000             6673
        COMRAM           000017-00007F               69
        CONST            000004-0005FF              5FC
                         000981-000981                1
                         00098E-007000             6673
        EEDATA           F00000-F000FF              100
        MEDIUMCONST      000981-000981                1
                         00098E-007000             6673
        RAM              000080-0005FF              100
        SFR              000F80-000FFF               80
        SMALLCONST       000981-000981                1
                         00098E-007000              100

                                  Symbol Table

Get_Key@Key              cstackCOMRAM 000011
Get_Key@but1             cstackCOMRAM 000012
Keypad_Scan@button       cstackCOMRAM 00000E
LCD_Command@cmd          cstackCOMRAM 00000F
LCD_Data@data            cstackCOMRAM 00000F
LCD_ROM_String@i         cstackCOMRAM 000014
LCD_ROM_String@str       cstackCOMRAM 000010
_ADCON1                  (abs)        000FC1
_Get_Key                 text6        0008D6
_INTCON2bits             (abs)        000FF1
_KeyVal                  dataCOMRAM   000001
_Keypad_Init             text5        000982
_Keypad_Scan             text7        000620
_LATB                    (abs)        000F8A
_LATCbits                (abs)        000F8B
_LATD                    (abs)        000F8C
_LCD_Command             text4        000956
_LCD_Data                text2        000938
_LCD_Init                text3        0007B0
_LCD_ROM_String          text1        000820
_PORTB                   (abs)        000F81
_TRISB                   (abs)        000F93
_TRISCbits               (abs)        000F94
_TRISD                   (abs)        000F95
__HRAM                   (abs)        000000
__Habs1                  abs1         000000
__Hbank0                 bank0        000000
__Hbank1                 bank1        000000
__Hbank2                 bank2        000000
__Hbank3                 bank3        000000
__Hbank4                 bank4        000000
__Hbank5                 bank5        000000
__Hbigbss                bigbss       000000
__Hbigdata               bigdata      000000
__Hbigram                bigram       000000
__Hbigsfr                bigsfr       000000
__Hbss                   bss          000000
__Hcinit                 cinit        000000
__Hclrtext               clrtext      000000
__Hcomram                comram       000000
__Hconfig                config       30000E
__Hconst                 const        000000
__HcstackCOMRAM          cstackCOMRAM 000000
__Hdata                  data         000000
__HdataCOMRAM            dataCOMRAM   000000
__Heeprom_data           eeprom_data  000000
__Hfarbss                farbss       000000
__Hfardata               fardata      000000
__Hheap                  heap         000000
__Hibigdata              ibigdata     000000
__Hidata                 idata        000000
__HidataCOMRAM           idataCOMRAM  000000
__Hidloc                 idloc        200008
__Hifardata              ifardata     000000
__Hinit                  init         000004
__Hintcode               intcode      000000
__Hintcode_body          intcode_body 000000
__Hintcodelo             intcodelo    000000
__Hintentry              intentry     000000
__Hintret                intret       000000
__Hintsave_regs          intsave_regs 000000
__Hirdata                irdata       000000
__Hmediumconst           mediumconst  000000
__HnvFARRAM              nvFARRAM     000000
__Hnvbit                 nvbit        000000
__Hnvrram                nvrram       000000
__Hparam                 rparam       000000
__Hpowerup               powerup      000000
__Hram                   ram          000000
__Hramtop                ramtop       000600
__Hrbit                  rbit         000000
__Hrbss                  rbss         000000
__Hrdata                 rdata        000000
__Hreset_vec             reset_vec    000000
__Hrparam                rparam       000000
__Hsfr                   sfr          000000
__Hsmallconst            smallconst   000620
__Hspace_0               (abs)        00098E
__Hspace_1               (abs)        000017
__Hspace_2               (abs)        000000
__Hspace_4               (abs)        60000E
__Hstack                 stack        000000
__Hstruct                struct       000000
__Htemp                  temp         000000
__Htext                  text         000000
__Htext0                 text0        000000
__Htext1                 text1        000000
__Htext2                 text2        000000
__Htext3                 text3        000000
__Htext4                 text4        000000
__Htext5                 text5        000000
__Htext6                 text6        000000
__Htext7                 text7        000000
__LRAM                   (abs)        000001
__Labs1                  abs1         000000
__Lbank0                 bank0        000000
__Lbank1                 bank1        000000
__Lbank2                 bank2        000000
__Lbank3                 bank3        000000
__Lbank4                 bank4        000000
__Lbank5                 bank5        000000
__Lbigbss                bigbss       000000
__Lbigdata               bigdata      000000
__Lbigram                bigram       000000
__Lbigsfr                bigsfr       000000
__Lbss                   bss          000000
__Lcinit                 cinit        000000
__Lclrtext               clrtext      000000
__Lcomram                comram       000000
__Lconfig                config       000000
__Lconst                 const        000000
__LcstackCOMRAM          cstackCOMRAM 000000
__Ldata                  data         000000
__LdataCOMRAM            dataCOMRAM   000000
__Leeprom_data           eeprom_data  000000
__Lfarbss                farbss       000000
__Lfardata               fardata      000000
__Lheap                  heap         000000
__Libigdata              ibigdata     000000
__Lidata                 idata        000000
__LidataCOMRAM           idataCOMRAM  000000
__Lidloc                 idloc        000000
__Lifardata              ifardata     000000
__Linit                  init         000000
__Lintcode               intcode      000000
__Lintcode_body          intcode_body 000000
__Lintcodelo             intcodelo    000000
__Lintentry              intentry     000000
__Lintret                intret       000000
__Lintsave_regs          intsave_regs 000000
__Lirdata                irdata       000000
__Lmediumconst           mediumconst  000000
__LnvFARRAM              nvFARRAM     000000
__Lnvbit                 nvbit        000000
__Lnvrram                nvrram       000000
__Lparam                 rparam       000000
__Lpowerup               powerup      000000
__Lram                   ram          000000
__Lramtop                ramtop       000600
__Lrbit                  rbit         000000
__Lrbss                  rbss         000000
__Lrdata                 rdata        000000
__Lreset_vec             reset_vec    000000
__Lrparam                rparam       000000
__Lsfr                   sfr          000000
__Lsmallconst            smallconst   000600
__Lspace_0               (abs)        000000
__Lspace_1               (abs)        000000
__Lspace_2               (abs)        000000
__Lspace_4               (abs)        000000
__Lstack                 stack        000000
__Lstruct                struct       000000
__Ltemp                  temp         000000
__Ltext                  text         000000
__Ltext0                 text0        000000
__Ltext1                 text1        000000
__Ltext2                 text2        000000
__Ltext3                 text3        000000
__Ltext4                 text4        000000
__Ltext5                 text5        000000
__Ltext6                 text6        000000
__Ltext7                 text7        000000
__S0                     (abs)        00098E
__S1                     (abs)        000017
__S4                     (abs)        000000
__S5                     (abs)        000000
___heap_hi               (abs)        000000
___heap_lo               (abs)        000000
___inthi_sp              stack        000000
___intlo_sp              stack        000000
___param_bank            (abs)        000000
___rparam_used           (abs)        000001
___sp                    stack        000000
__accesstop              (abs)        000080
__activetblptr           (abs)        000001
__end_of_Get_Key         text6        00090A
__end_of_Keypad_Init     text5        00098E
__end_of_Keypad_Scan     text7        0007B0
__end_of_LCD_Command     text4        000974
__end_of_LCD_Data        text2        000956
__end_of_LCD_Init        text3        000820
__end_of_LCD_ROM_String  text1        000884
__end_of__initialization cinit        00092A
__end_of_main            text0        0008D6
__end_of_msg1            smallconst   00061E
__end_of_msg2            smallconst   000610
__initialization         cinit        00090A
__mediumconst            mediumconst  000000
__pcinit                 cinit        00090A
__pcstackCOMRAM          cstackCOMRAM 00000E
__pdataCOMRAM            dataCOMRAM   000001
__pidataCOMRAM           idataCOMRAM  000974
__psmallconst            smallconst   000600
__ptext0                 text0        000884
__ptext1                 text1        000820
__ptext2                 text2        000938
__ptext3                 text3        0007B0
__ptext4                 text4        000956
__ptext5                 text5        000982
__ptext6                 text6        0008D6
__ptext7                 text7        000620
__ramtop                 ramtop       000600
__smallconst             smallconst   000600
_main                    text0        000884
_msg1                    smallconst   000610
_msg2                    smallconst   000601
end_of_initialization    cinit        00092A
intlevel0                text         000000
intlevel1                text         000000
intlevel2                text         000000
intlevel3                text         000000
isa$std                  (abs)        000001
isa$xinst                (abs)        000000
main@Key                 cstackCOMRAM 000016
stackhi                  (abs)        000000
stacklo                  (abs)        000000
start                    init         000000
start_initialization     cinit        00090A


MODULE INFORMATION

Module		Function		Class		Link	Load	Size
matrix_keypad.c
		_main          		CODE           	0884	0000	82

matrix_keypad.c estimated size: 82

../PIC18F_Library/LCD.c
		_LCD_Init      		CODE           	07B0	0000	112
		_LCD_Command   		CODE           	0956	0000	30
		_LCD_Data      		CODE           	0938	0000	30
		_LCD_ROM_String		CODE           	0820	0000	100

../PIC18F_Library/LCD.c estimated size: 272

shared
		_msg1          		SMALLCONST     	0610	0000	14
		_msg2          		SMALLCONST     	0601	0000	15
		__initialization		CODE           	090A	0000	32

shared estimated size: 61

../PIC18F_Library/Keypad.c
		_Get_Key       		CODE           	08D6	0000	52
		_Keypad_Scan   		CODE           	0620	0000	400
		_Keypad_Init   		CODE           	0982	0000	12

../PIC18F_Library/Keypad.c estimated size: 464

