Microchip MPLAB XC8 Compiler V2.40

Linker command line:

-W-3 --edf=D:\mx_lab\compiler\pic\dat\20220703182018_en.msgs -cn \
  -h+dist/default/production\EEPROM_SPI.X.production.sym \
  --cmf=dist/default/production\EEPROM_SPI.X.production.cmf -z -Q18F4520 \
  -oC:\Users\DELL\AppData\Local\Temp\xcAs39o.4 --defsym=__MPLAB_BUILD=1 \
  --fixupoverflow=error \
  -Mdist/default/production/EEPROM_SPI.X.production.map \
  --md=C:\Users\DELL\AppData\Local\Temp\xcAs39o.dat -E1 -ver=XC8 Compiler \
  --acfsm=1493 -ACODE=04h-07000h -ACONST=04h-07000h \
  -ASMALLCONST=0600h-06FFhx106,07000h-07000h -AMEDIUMCONST=0600h-07000h \
  -ACOMRAM=01h-07Fh -AABS1=00h-05FFh -ABIGRAM=01h-05FFh \
  -ARAM=080h-0FFh,0100h-01FFhx5 -ABANK0=080h-0FFh -ABANK1=0100h-01FFh \
  -ABANK2=0200h-02FFh -ABANK3=0300h-03FFh -ABANK4=0400h-04FFh \
  -ABANK5=0500h-05FFh -ASFR=0F80h-0FFFh -ABIGSFR=0F80h-0FFFh \
  -ACONFIG=0300000h-030000Dh -AIDLOC=0200000h-0200007h \
  -AEEDATA=0F00000h-0F000FFh -peeprom_data=EEDATA \
  -preset_vec=00h,intcode,intcodelo,powerup,init -pramtop=0600h \
  -psmallconst=SMALLCONST -pmediumconst=MEDIUMCONST -pconst=CONST \
  -AFARRAM=00h-00h \
  -prdata=COMRAM,nvrram=COMRAM,nvbit=COMRAM,rbss=COMRAM,rbit=COMRAM \
  -pfarbss=FARRAM,fardata=FARRAM,nvFARRAM=FARRAM \
  -pintsave_regs=BIGRAM,bigbss=BIGRAM,bigdata=BIGRAM -pbss=RAM \
  -pidata=CODE,irdata=CODE,ibigdata=CODE,ifardata=CODE -prparam=COMRAM \
  C:\Users\DELL\AppData\Local\Temp\xcAs39o.o \
  dist/default/production\EEPROM_SPI.X.production.o 

Object code version is 3.11

Machine type is 18F4520



                Name                               Link     Load   Length Selector   Space Scale
C:\Users\DELL\AppData\Local\Temp\xcAs39o.o
                idloc                            200000   200000        8        0       5
                config                           300000   300000        E        0       4
                init                                  0        0        4        0       0
dist/default/production\EEPROM_SPI.X.production.o
                idloc                            200000   200000        8        0       5
                config                           300000   300000        E        0       4
                text8                              6DEC     6DEC       1E     36F6       0
                text7                              6F06     6F06       70     3783       0
                text6                              6E0A     6E0A       1E     3705       0
                text5                              6EB8     6EB8       4E     375C       0
                text4                              6DB6     6DB6       1A     36DB       0
                text3                              6E28     6E28       22     3714       0
                text2                              6E70     6E70       48     3738       0
                text1                              6DD0     6DD0       1C     36E8       0
                text0                              6F76     6F76       8A     37BB       0
                cstackCOMRAM                         17       17        8        1       1
                dataCOMRAM                            1        1       16        1       1
                cinit                              6E4A     6E4A       26     3725       0
                idataCOMRAM                        6DA0     6DA0       16     6DA0       0

TOTAL           Name                               Link     Load   Length     Space
        CLASS   CODE           
                init                                  0        0        4         0
                text8                              6DEC     6DEC       1E         0
                text7                              6F06     6F06       70         0
                text6                              6E0A     6E0A       1E         0
                text5                              6EB8     6EB8       4E         0
                text4                              6DB6     6DB6       1A         0
                text3                              6E28     6E28       22         0
                text2                              6E70     6E70       48         0
                text1                              6DD0     6DD0       1C         0
                text0                              6F76     6F76       8A         0
                cinit                              6E4A     6E4A       26         0
                idataCOMRAM                        6DA0     6DA0       16         0

        CLASS   CONST          

        CLASS   SMALLCONST     

        CLASS   MEDIUMCONST    

        CLASS   COMRAM         
                cstackCOMRAM                         17       17        8         1
                dataCOMRAM                            1        1       16         1

        CLASS   ABS1           

        CLASS   BIGRAM         

        CLASS   RAM            

        CLASS   BANK0          

        CLASS   BANK1          

        CLASS   BANK2          

        CLASS   BANK3          

        CLASS   BANK4          

        CLASS   BANK5          

        CLASS   SFR            

        CLASS   BIGSFR         

        CLASS   CONFIG         
                config                           300000   300000        E         4

        CLASS   IDLOC          
                idloc                            200000   200000        8         5

        CLASS   EEDATA         

        CLASS   FARRAM         

        CLASS   HEAP           

        CLASS   STACK          



SEGMENTS        Name                           Load    Length   Top    Selector   Space  Class

                reset_vec                      000000  000004  000004         0       0  CODE    
                dataCOMRAM                     000001  00001E  00001F         1       1  COMRAM  
                idataCOMRAM                    006DA0  000016  006DB6      6DA0       0  CODE    
                text4                          006DB6  00001A  006DD0      36DB       0  CODE    
                text1                          006DD0  00001C  006DEC      36E8       0  CODE    
                text8                          006DEC  00001E  006E0A      36F6       0  CODE    
                text6                          006E0A  00001E  006E28      3705       0  CODE    
                text3                          006E28  000022  006E4A      3714       0  CODE    
                cinit                          006E4A  000026  006E70      3725       0  CODE    
                text2                          006E70  000048  006EB8      3738       0  CODE    
                text5                          006EB8  00004E  006F06      375C       0  CODE    
                text7                          006F06  000070  006F76      3783       0  CODE    
                text0                          006F76  00008A  007000      37BB       0  CODE    


UNUSED ADDRESS RANGES

        Name                Unused          Largest block    Delta
        BANK0            000080-0000FF               80
        BANK1            000100-0001FF              100
        BANK2            000200-0002FF              100
        BANK3            000300-0003FF              100
        BANK4            000400-0004FF              100
        BANK5            000500-0005FF              100
        BIGRAM           00001F-0005FF              5E1
        BIGSFR           000F80-000FFF               80
        CODE             000004-006D9F             6D9C
                         007000-007000                1
        COMRAM           00001F-00007F               61
        CONST            000004-006D9F             6D9C
                         007000-007000                1
        EEDATA           F00000-F000FF              100
        MEDIUMCONST      000600-006D9F             67A0
                         007000-007000                1
        RAM              000080-0005FF              100
        SFR              000F80-000FFF               80
        SMALLCONST       000600-006D9F              100
                         007000-007000                1

                                  Symbol Table

LCD_Command@cmd                 cstackCOMRAM 000018
LCD_Data@data                   cstackCOMRAM 000018
LCD_ROM_String@i                cstackCOMRAM 00001C
LCD_ROM_String@str              cstackCOMRAM 000019
SPI_EEPROM_readbyte@Higher_byte cstackCOMRAM 00001A
SPI_EEPROM_readbyte@Lower_byte  cstackCOMRAM 00001B
SPI_EEPROM_readbyte@Read_val    cstackCOMRAM 00001C
SPI_EEPROM_readbyte@addr        cstackCOMRAM 000018
SPI_EEPROM_writebyte@Lower_byte cstackCOMRAM 00001C
SPI_EEPROM_writebyte@addr       cstackCOMRAM 000018
SPI_EEPROM_writebyte@data       cstackCOMRAM 00001A
SPI_Read_Write@val              cstackCOMRAM 000017
_LATCbits                       (abs)        000F8B
_LATD                           (abs)        000F8C
_LCD_Command                    text8        006DEC
_LCD_Data                       text6        006E0A
_LCD_Init                       text7        006F06
_LCD_ROM_String                 text5        006EB8
_PIR1bits                       (abs)        000F9E
_PORTCbits                      (abs)        000F82
_SPI_EEPROM_readbyte            text3        006E28
_SPI_EEPROM_writebyte           text2        006E70
_SPI_Init                       text1        006DD0
_SPI_Read_Write                 text4        006DB6
_SSPBUF                         (abs)        000FC9
_SSPCON1bits                    (abs)        000FC6
_SSPSTATbits                    (abs)        000FC7
_TRISCbits                      (abs)        000F94
_TRISD                          (abs)        000F95
__HRAM                          (abs)        000000
__Habs1                         abs1         000000
__Hbank0                        bank0        000000
__Hbank1                        bank1        000000
__Hbank2                        bank2        000000
__Hbank3                        bank3        000000
__Hbank4                        bank4        000000
__Hbank5                        bank5        000000
__Hbigbss                       bigbss       000000
__Hbigdata                      bigdata      000000
__Hbigram                       bigram       000000
__Hbigsfr                       bigsfr       000000
__Hbss                          bss          000000
__Hcinit                        cinit        000000
__Hclrtext                      clrtext      000000
__Hcomram                       comram       000000
__Hconfig                       config       30000E
__Hconst                        const        000000
__HcstackCOMRAM                 cstackCOMRAM 000000
__Hdata                         data         000000
__HdataCOMRAM                   dataCOMRAM   000000
__Heeprom_data                  eeprom_data  000000
__Hfarbss                       farbss       000000
__Hfardata                      fardata      000000
__Hheap                         heap         000000
__Hibigdata                     ibigdata     000000
__Hidata                        idata        000000
__HidataCOMRAM                  idataCOMRAM  000000
__Hidloc                        idloc        200008
__Hifardata                     ifardata     000000
__Hinit                         init         000004
__Hintcode                      intcode      000000
__Hintcode_body                 intcode_body 000000
__Hintcodelo                    intcodelo    000000
__Hintentry                     intentry     000000
__Hintret                       intret       000000
__Hintsave_regs                 intsave_regs 000000
__Hirdata                       irdata       000000
__Hmediumconst                  mediumconst  000000
__HnvFARRAM                     nvFARRAM     000000
__Hnvbit                        nvbit        000000
__Hnvrram                       nvrram       000000
__Hparam                        rparam       000000
__Hpowerup                      powerup      000000
__Hram                          ram          000000
__Hramtop                       ramtop       000600
__Hrbit                         rbit         000000
__Hrbss                         rbss         000000
__Hrdata                        rdata        000000
__Hreset_vec                    reset_vec    000000
__Hrparam                       rparam       000000
__Hsfr                          sfr          000000
__Hsmallconst                   smallconst   000000
__Hspace_0                      (abs)        007000
__Hspace_1                      (abs)        00001F
__Hspace_2                      (abs)        000000
__Hspace_4                      (abs)        60000E
__Hstack                        stack        000000
__Hstruct                       struct       000000
__Htemp                         temp         000000
__Htext                         text         000000
__Htext0                        text0        000000
__Htext1                        text1        000000
__Htext2                        text2        000000
__Htext3                        text3        000000
__Htext4                        text4        000000
__Htext5                        text5        000000
__Htext6                        text6        000000
__Htext7                        text7        000000
__Htext8                        text8        000000
__LRAM                          (abs)        000001
__Labs1                         abs1         000000
__Lbank0                        bank0        000000
__Lbank1                        bank1        000000
__Lbank2                        bank2        000000
__Lbank3                        bank3        000000
__Lbank4                        bank4        000000
__Lbank5                        bank5        000000
__Lbigbss                       bigbss       000000
__Lbigdata                      bigdata      000000
__Lbigram                       bigram       000000
__Lbigsfr                       bigsfr       000000
__Lbss                          bss          000000
__Lcinit                        cinit        000000
__Lclrtext                      clrtext      000000
__Lcomram                       comram       000000
__Lconfig                       config       000000
__Lconst                        const        000000
__LcstackCOMRAM                 cstackCOMRAM 000000
__Ldata                         data         000000
__LdataCOMRAM                   dataCOMRAM   000000
__Leeprom_data                  eeprom_data  000000
__Lfarbss                       farbss       000000
__Lfardata                      fardata      000000
__Lheap                         heap         000000
__Libigdata                     ibigdata     000000
__Lidata                        idata        000000
__LidataCOMRAM                  idataCOMRAM  000000
__Lidloc                        idloc        000000
__Lifardata                     ifardata     000000
__Linit                         init         000000
__Lintcode                      intcode      000000
__Lintcode_body                 intcode_body 000000
__Lintcodelo                    intcodelo    000000
__Lintentry                     intentry     000000
__Lintret                       intret       000000
__Lintsave_regs                 intsave_regs 000000
__Lirdata                       irdata       000000
__Lmediumconst                  mediumconst  000000
__LnvFARRAM                     nvFARRAM     000000
__Lnvbit                        nvbit        000000
__Lnvrram                       nvrram       000000
__Lparam                        rparam       000000
__Lpowerup                      powerup      000000
__Lram                          ram          000000
__Lramtop                       ramtop       000600
__Lrbit                         rbit         000000
__Lrbss                         rbss         000000
__Lrdata                        rdata        000000
__Lreset_vec                    reset_vec    000000
__Lrparam                       rparam       000000
__Lsfr                          sfr          000000
__Lsmallconst                   smallconst   000000
__Lspace_0                      (abs)        000000
__Lspace_1                      (abs)        000000
__Lspace_2                      (abs)        000000
__Lspace_4                      (abs)        000000
__Lstack                        stack        000000
__Lstruct                       struct       000000
__Ltemp                         temp         000000
__Ltext                         text         000000
__Ltext0                        text0        000000
__Ltext1                        text1        000000
__Ltext2                        text2        000000
__Ltext3                        text3        000000
__Ltext4                        text4        000000
__Ltext5                        text5        000000
__Ltext6                        text6        000000
__Ltext7                        text7        000000
__Ltext8                        text8        000000
__S0                            (abs)        007000
__S1                            (abs)        00001F
__S4                            (abs)        000000
__S5                            (abs)        000000
___heap_hi                      (abs)        000000
___heap_lo                      (abs)        000000
___inthi_sp                     stack        000000
___intlo_sp                     stack        000000
___param_bank                   (abs)        000000
___rparam_used                  (abs)        000001
___sp                           stack        000000
__accesstop                     (abs)        000080
__activetblptr                  (abs)        000000
__end_of_LCD_Command            text8        006E0A
__end_of_LCD_Data               text6        006E28
__end_of_LCD_Init               text7        006F76
__end_of_LCD_ROM_String         text5        006F06
__end_of_SPI_EEPROM_readbyte    text3        006E4A
__end_of_SPI_EEPROM_writebyte   text2        006EB8
__end_of_SPI_Init               text1        006DEC
__end_of_SPI_Read_Write         text4        006DD0
__end_of__initialization        cinit        006E6A
__end_of_main                   text0        007000
__initialization                cinit        006E4A
__mediumconst                   mediumconst  000000
__pcinit                        cinit        006E4A
__pcstackCOMRAM                 cstackCOMRAM 000017
__pdataCOMRAM                   dataCOMRAM   000001
__pidataCOMRAM                  idataCOMRAM  006DA0
__ptext0                        text0        006F76
__ptext1                        text1        006DD0
__ptext2                        text2        006E70
__ptext3                        text3        006E28
__ptext4                        text4        006DB6
__ptext5                        text5        006EB8
__ptext6                        text6        006E0A
__ptext7                        text7        006F06
__ptext8                        text8        006DEC
__ramtop                        ramtop       000600
__smallconst                    smallconst   000000
_main                           text0        006F76
_msg                            dataCOMRAM   000001
end_of_initialization           cinit        006E6A
intlevel0                       text         000000
intlevel1                       text         000000
intlevel2                       text         000000
intlevel3                       text         000000
isa$std                         (abs)        000001
isa$xinst                       (abs)        000000
main@read_val                   cstackCOMRAM 00001E
stackhi                         (abs)        000000
stacklo                         (abs)        000000
start                           init         000000
start_initialization            cinit        006E4A


MODULE INFORMATION

Module		Function		Class		Link	Load	Size
../PIC18F_Library/LCD.c
		_LCD_Init      		CODE           	6F06	0000	112
		_LCD_Command   		CODE           	6DEC	0000	30
		_LCD_Data      		CODE           	6E0A	0000	30
		_LCD_ROM_String		CODE           	6EB8	0000	78

../PIC18F_Library/LCD.c estimated size: 250

shared
		__initialization		CODE           	6E4A	0000	32

shared estimated size: 32

EEPROM_SPI_main.c
		_SPI_EEPROM_writebyte		CODE           	6E70	0000	72
		_main          		CODE           	6F76	0000	138
		_SPI_Init      		CODE           	6DD0	0000	28
		_SPI_EEPROM_readbyte		CODE           	6E28	0000	34
		_SPI_Read_Write		CODE           	6DB6	0000	26

EEPROM_SPI_main.c estimated size: 298

