Microchip MPLAB XC8 Compiler V2.40

Linker command line:

-W-3 --edf=D:\mx_lab\compiler\pic\dat\20220703182018_en.msgs -cn \
  -h+dist/default/production\ADC_module.X.production.sym \
  --cmf=dist/default/production\ADC_module.X.production.cmf -z -Q18F4520 \
  -oC:\Users\DELL\AppData\Local\Temp\xcAs9m0.4 --defsym=__MPLAB_BUILD=1 \
  --fixupoverflow=error \
  -Mdist/default/production/ADC_module.X.production.map \
  --md=C:\Users\DELL\AppData\Local\Temp\xcAs9m0.dat -E1 -ver=XC8 Compiler \
  --acfsm=1493 -ACODE=04h-07000h -ACONST=04h-07000h \
  -ASMALLCONST=0600h-06FFhx106,07000h-07000h -AMEDIUMCONST=0600h-07000h \
  -ACOMRAM=01h-07Fh -AABS1=00h-05FFh -ABIGRAM=01h-05FFh \
  -ARAM=080h-0FFh,0100h-01FFhx5 -ABANK0=080h-0FFh -ABANK1=0100h-01FFh \
  -ABANK2=0200h-02FFh -ABANK3=0300h-03FFh -ABANK4=0400h-04FFh \
  -ABANK5=0500h-05FFh -ASFR=0F80h-0FFFh -ABIGSFR=0F80h-0FFFh \
  -ACONFIG=0300000h-030000Dh -AIDLOC=0200000h-0200007h \
  -AEEDATA=0F00000h-0F000FFh -peeprom_data=EEDATA \
  -preset_vec=00h,intcode,intcodelo,powerup,init -pramtop=0600h \
  -psmallconst=SMALLCONST -pmediumconst=MEDIUMCONST -pconst=CONST \
  -AFARRAM=00h-00h \
  -prdata=COMRAM,nvrram=COMRAM,nvbit=COMRAM,rbss=COMRAM,rbit=COMRAM \
  -pfarbss=FARRAM,fardata=FARRAM,nvFARRAM=FARRAM \
  -pintsave_regs=BIGRAM,bigbss=BIGRAM,bigdata=BIGRAM -pbss=RAM \
  -pidata=CODE,irdata=CODE,ibigdata=CODE,ifardata=CODE -prparam=COMRAM \
  C:\Users\DELL\AppData\Local\Temp\xcAs9m0.o \
  dist/default/production\ADC_module.X.production.o 

Object code version is 3.11

Machine type is 18F4520



                Name                               Link     Load   Length Selector   Space Scale
C:\Users\DELL\AppData\Local\Temp\xcAs9m0.o
                idloc                            200000   200000        8        0       5
                config                           300000   300000        E        0       4
                init                                  0        0        4        0       0
dist/default/production\ADC_module.X.production.o
                idloc                            200000   200000        8        0       5
                config                           300000   300000        E        0       4
                text8                              6D66     6D66       4C     36B3       0
                text7                              6CAA     6CAA        C     3655       0
                text6                              6E16     6E16       74     370B       0
                text5                              6DB2     6DB2       64     36D9       0
                text4                              6F32     6F32       CE     3799       0
                text3                              6CB6     6CB6       16     365B       0
                text2                              6D36     6D36       30     369B       0
                text1                              6CCC     6CCC       20     3666       0
                text0                              6E8A     6E8A       A8     3745       0
                cstackCOMRAM                          1        1       38        1       1
                dataCOMRAM                           39       39       24        1       1
                cinit                              6D10     6D10       26     3688       0
                idataCOMRAM                        6CEC     6CEC       24     6CEC       0

TOTAL           Name                               Link     Load   Length     Space
        CLASS   CODE           
                init                                  0        0        4         0
                text8                              6D66     6D66       4C         0
                text7                              6CAA     6CAA        C         0
                text6                              6E16     6E16       74         0
                text5                              6DB2     6DB2       64         0
                text4                              6F32     6F32       CE         0
                text3                              6CB6     6CB6       16         0
                text2                              6D36     6D36       30         0
                text1                              6CCC     6CCC       20         0
                text0                              6E8A     6E8A       A8         0
                cinit                              6D10     6D10       26         0
                idataCOMRAM                        6CEC     6CEC       24         0

        CLASS   CONST          

        CLASS   SMALLCONST     

        CLASS   MEDIUMCONST    

        CLASS   COMRAM         
                cstackCOMRAM                          1        1       38         1
                dataCOMRAM                           39       39       24         1

        CLASS   ABS1           

        CLASS   BIGRAM         

        CLASS   RAM            

        CLASS   BANK0          

        CLASS   BANK1          

        CLASS   BANK2          

        CLASS   BANK3          

        CLASS   BANK4          

        CLASS   BANK5          

        CLASS   SFR            

        CLASS   BIGSFR         

        CLASS   CONFIG         
                config                           300000   300000        E         4

        CLASS   IDLOC          
                idloc                            200000   200000        8         5

        CLASS   EEDATA         

        CLASS   FARRAM         

        CLASS   HEAP           

        CLASS   STACK          



SEGMENTS        Name                           Load    Length   Top    Selector   Space  Class

                reset_vec                      000000  000004  000004         0       0  CODE    
                cstackCOMRAM                   000001  00005C  00005D         1       1  COMRAM  
                text7                          006CAA  00000C  006CB6      3655       0  CODE    
                text3                          006CB6  000016  006CCC      365B       0  CODE    
                text1                          006CCC  000020  006CEC      3666       0  CODE    
                idataCOMRAM                    006CEC  000024  006D10      6CEC       0  CODE    
                cinit                          006D10  000026  006D36      3688       0  CODE    
                text2                          006D36  000030  006D66      369B       0  CODE    
                text8                          006D66  00004C  006DB2      36B3       0  CODE    
                text5                          006DB2  000064  006E16      36D9       0  CODE    
                text6                          006E16  000074  006E8A      370B       0  CODE    
                text0                          006E8A  0000A8  006F32      3745       0  CODE    
                text4                          006F32  0000CE  007000      3799       0  CODE    


UNUSED ADDRESS RANGES

        Name                Unused          Largest block    Delta
        BANK0            000080-0000FF               80
        BANK1            000100-0001FF              100
        BANK2            000200-0002FF              100
        BANK3            000300-0003FF              100
        BANK4            000400-0004FF              100
        BANK5            000500-0005FF              100
        BIGRAM           00005D-0005FF              5A3
        BIGSFR           000F80-000FFF               80
        CODE             000004-006CA9             6CA6
                         007000-007000                1
        COMRAM           00005D-00007F               23
        CONST            000004-006CA9             6CA6
                         007000-007000                1
        EEDATA           F00000-F000FF              100
        MEDIUMCONST      000600-006CA9             66AA
                         007000-007000                1
        RAM              000080-0005FF              100
        SFR              000F80-000FFF               80
        SMALLCONST       000600-006CA9              100
                         007000-007000                1

                                  Symbol Table

?_ADC_convertion          cstackCOMRAM 000001
?___lwdiv                 cstackCOMRAM 000001
?___lwmod                 cstackCOMRAM 000001
ADC_convertion@channel_no cstackCOMRAM 000008
ADC_convertion@res_val    cstackCOMRAM 000004
ADC_convertion@temph      cstackCOMRAM 000009
ADC_convertion@templ      cstackCOMRAM 000006
Hex_to_bcd@BCDNum         cstackCOMRAM 00000A
Hex_to_bcd@count          cstackCOMRAM 000008
Hex_to_bcd@i              cstackCOMRAM 00000C
_ADCON0bits               (abs)        000FC2
_ADCON1                   (abs)        000FC1
_ADCON2                   (abs)        000FC0
_ADC_convertion           text8        006D66
_ADC_init                 text7        006CAA
_ADRESH                   (abs)        000FC4
_ADRESL                   (abs)        000FC3
_BAUDCON                  (abs)        000FB8
_Hex_to_bcd               text4        006F32
_LATB                     (abs)        000F8A
_RCSTAbits                (abs)        000FAB
_SPBRG                    (abs)        000FAF
_SPBRGH                   (abs)        000FB0
_TRISB                    (abs)        000F93
_TRISCbits                (abs)        000F94
_TXREG                    (abs)        000FAD
_TXSTAbits                (abs)        000FAC
__HRAM                    (abs)        000000
__Habs1                   abs1         000000
__Hbank0                  bank0        000000
__Hbank1                  bank1        000000
__Hbank2                  bank2        000000
__Hbank3                  bank3        000000
__Hbank4                  bank4        000000
__Hbank5                  bank5        000000
__Hbigbss                 bigbss       000000
__Hbigdata                bigdata      000000
__Hbigram                 bigram       000000
__Hbigsfr                 bigsfr       000000
__Hbss                    bss          000000
__Hcinit                  cinit        000000
__Hclrtext                clrtext      000000
__Hcomram                 comram       000000
__Hconfig                 config       30000E
__Hconst                  const        000000
__HcstackCOMRAM           cstackCOMRAM 000000
__Hdata                   data         000000
__HdataCOMRAM             dataCOMRAM   000000
__Heeprom_data            eeprom_data  000000
__Hfarbss                 farbss       000000
__Hfardata                fardata      000000
__Hheap                   heap         000000
__Hibigdata               ibigdata     000000
__Hidata                  idata        000000
__HidataCOMRAM            idataCOMRAM  000000
__Hidloc                  idloc        200008
__Hifardata               ifardata     000000
__Hinit                   init         000004
__Hintcode                intcode      000000
__Hintcode_body           intcode_body 000000
__Hintcodelo              intcodelo    000000
__Hintentry               intentry     000000
__Hintret                 intret       000000
__Hintsave_regs           intsave_regs 000000
__Hirdata                 irdata       000000
__Hmediumconst            mediumconst  000000
__HnvFARRAM               nvFARRAM     000000
__Hnvbit                  nvbit        000000
__Hnvrram                 nvrram       000000
__Hparam                  rparam       000000
__Hpowerup                powerup      000000
__Hram                    ram          000000
__Hramtop                 ramtop       000600
__Hrbit                   rbit         000000
__Hrbss                   rbss         000000
__Hrdata                  rdata        000000
__Hreset_vec              reset_vec    000000
__Hrparam                 rparam       000000
__Hsfr                    sfr          000000
__Hsmallconst             smallconst   000000
__Hspace_0                (abs)        007000
__Hspace_1                (abs)        00005D
__Hspace_2                (abs)        000000
__Hspace_4                (abs)        60000E
__Hstack                  stack        000000
__Hstruct                 struct       000000
__Htemp                   temp         000000
__Htext                   text         000000
__Htext0                  text0        000000
__Htext1                  text1        000000
__Htext2                  text2        000000
__Htext3                  text3        000000
__Htext4                  text4        000000
__Htext5                  text5        000000
__Htext6                  text6        000000
__Htext7                  text7        000000
__Htext8                  text8        000000
__LRAM                    (abs)        000001
__Labs1                   abs1         000000
__Lbank0                  bank0        000000
__Lbank1                  bank1        000000
__Lbank2                  bank2        000000
__Lbank3                  bank3        000000
__Lbank4                  bank4        000000
__Lbank5                  bank5        000000
__Lbigbss                 bigbss       000000
__Lbigdata                bigdata      000000
__Lbigram                 bigram       000000
__Lbigsfr                 bigsfr       000000
__Lbss                    bss          000000
__Lcinit                  cinit        000000
__Lclrtext                clrtext      000000
__Lcomram                 comram       000000
__Lconfig                 config       000000
__Lconst                  const        000000
__LcstackCOMRAM           cstackCOMRAM 000000
__Ldata                   data         000000
__LdataCOMRAM             dataCOMRAM   000000
__Leeprom_data            eeprom_data  000000
__Lfarbss                 farbss       000000
__Lfardata                fardata      000000
__Lheap                   heap         000000
__Libigdata               ibigdata     000000
__Lidata                  idata        000000
__LidataCOMRAM            idataCOMRAM  000000
__Lidloc                  idloc        000000
__Lifardata               ifardata     000000
__Linit                   init         000000
__Lintcode                intcode      000000
__Lintcode_body           intcode_body 000000
__Lintcodelo              intcodelo    000000
__Lintentry               intentry     000000
__Lintret                 intret       000000
__Lintsave_regs           intsave_regs 000000
__Lirdata                 irdata       000000
__Lmediumconst            mediumconst  000000
__LnvFARRAM               nvFARRAM     000000
__Lnvbit                  nvbit        000000
__Lnvrram                 nvrram       000000
__Lparam                  rparam       000000
__Lpowerup                powerup      000000
__Lram                    ram          000000
__Lramtop                 ramtop       000600
__Lrbit                   rbit         000000
__Lrbss                   rbss         000000
__Lrdata                  rdata        000000
__Lreset_vec              reset_vec    000000
__Lrparam                 rparam       000000
__Lsfr                    sfr          000000
__Lsmallconst             smallconst   000000
__Lspace_0                (abs)        000000
__Lspace_1                (abs)        000000
__Lspace_2                (abs)        000000
__Lspace_4                (abs)        000000
__Lstack                  stack        000000
__Lstruct                 struct       000000
__Ltemp                   temp         000000
__Ltext                   text         000000
__Ltext0                  text0        000000
__Ltext1                  text1        000000
__Ltext2                  text2        000000
__Ltext3                  text3        000000
__Ltext4                  text4        000000
__Ltext5                  text5        000000
__Ltext6                  text6        000000
__Ltext7                  text7        000000
__Ltext8                  text8        000000
__S0                      (abs)        007000
__S1                      (abs)        00005D
__S4                      (abs)        000000
__S5                      (abs)        000000
___heap_hi                (abs)        000000
___heap_lo                (abs)        000000
___inthi_sp               stack        000000
___intlo_sp               stack        000000
___lwdiv                  text6        006E16
___lwdiv@counter          cstackCOMRAM 000007
___lwdiv@dividend         cstackCOMRAM 000001
___lwdiv@divisor          cstackCOMRAM 000003
___lwdiv@quotient         cstackCOMRAM 000005
___lwmod                  text5        006DB2
___lwmod@counter          cstackCOMRAM 000005
___lwmod@dividend         cstackCOMRAM 000001
___lwmod@divisor          cstackCOMRAM 000003
___param_bank             (abs)        000000
___rparam_used            (abs)        000001
___sp                     stack        000000
__accesstop               (abs)        000080
__activetblptr            (abs)        000000
__end_of_ADC_convertion   text8        006DB2
__end_of_ADC_init         text7        006CB6
__end_of_Hex_to_bcd       text4        007000
__end_of___lwdiv          text6        006E8A
__end_of___lwmod          text5        006E16
__end_of__initialization  cinit        006D30
__end_of_main             text0        006F32
__end_of_tx_data          text3        006CCC
__end_of_tx_string        text2        006D66
__end_of_uart_init        text1        006CEC
__initialization          cinit        006D10
__mediumconst             mediumconst  000000
__pcinit                  cinit        006D10
__pcstackCOMRAM           cstackCOMRAM 000001
__pdataCOMRAM             dataCOMRAM   000039
__pidataCOMRAM            idataCOMRAM  006CEC
__ptext0                  text0        006E8A
__ptext1                  text1        006CCC
__ptext2                  text2        006D36
__ptext3                  text3        006CB6
__ptext4                  text4        006F32
__ptext5                  text5        006DB2
__ptext6                  text6        006E16
__ptext7                  text7        006CAA
__ptext8                  text8        006D66
__ramtop                  ramtop       000600
__smallconst              smallconst   000000
_channel_no               dataCOMRAM   00005C
_main                     text0        006E8A
_tx_data                  text3        006CB6
_tx_string                text2        006D36
_uart_init                text1        006CCC
end_of_initialization     cinit        006D30
intlevel0                 text         000000
intlevel1                 text         000000
intlevel2                 text         000000
intlevel3                 text         000000
isa$std                   (abs)        000001
isa$xinst                 (abs)        000000
main@ADC_result           cstackCOMRAM 000033
main@ADC_string           cstackCOMRAM 000035
main@F2586                dataCOMRAM   000039
main@F2588                dataCOMRAM   00004B
main@msg1                 cstackCOMRAM 000010
main@msg2                 cstackCOMRAM 000022
stackhi                   (abs)        000000
stacklo                   (abs)        000000
start                     init         000000
start_initialization      cinit        006D10
tx_data@data              cstackCOMRAM 000001
tx_string@ptr             cstackCOMRAM 000002


MODULE INFORMATION

Module		Function		Class		Link	Load	Size
D:\mx_lab\compiler\pic\sources\c99\common\lwmod.c
		___lwmod       		CODE           	6DB2	0000	100

D:\mx_lab\compiler\pic\sources\c99\common\lwmod.c estimated size: 100

D:\mx_lab\compiler\pic\sources\c99\common\lwdiv.c
		___lwdiv       		CODE           	6E16	0000	116

D:\mx_lab\compiler\pic\sources\c99\common\lwdiv.c estimated size: 116

shared
		__initialization		CODE           	6D10	0000	32

shared estimated size: 32

ADC_module.c
		_tx_string     		CODE           	6D36	0000	48
		_main          		CODE           	6E8A	0000	168
		_ADC_init      		CODE           	6CAA	0000	12
		_uart_init     		CODE           	6CCC	0000	32
		_ADC_convertion		CODE           	6D66	0000	76
		_Hex_to_bcd    		CODE           	6F32	0000	206
		_tx_data       		CODE           	6CB6	0000	22

ADC_module.c estimated size: 564

